#! /usr/bin/vvp
:ivl_version "11.0 (stable)";
:ivl_delay_selection "TYPICAL";
:vpi_time_precision + 0;
:vpi_module "/usr/lib/x86_64-linux-gnu/ivl/system.vpi";
:vpi_module "/usr/lib/x86_64-linux-gnu/ivl/vhdl_sys.vpi";
:vpi_module "/usr/lib/x86_64-linux-gnu/ivl/vhdl_textio.vpi";
:vpi_module "/usr/lib/x86_64-linux-gnu/ivl/v2005_math.vpi";
:vpi_module "/usr/lib/x86_64-linux-gnu/ivl/va_math.vpi";
:vpi_module "/usr/lib/x86_64-linux-gnu/ivl/v2009.vpi";
S_0x558b203f90f0 .scope package, "$unit" "$unit" 2 1;
 .timescale 0 0;
S_0x558b203f9280 .scope module, "tb" "tb" 3 1;
 .timescale 0 0;
v0x558b20410db0_0 .var "clk", 0 0;
v0x558b20410e50_0 .var "reset", 0 0;
S_0x558b203fb2f0 .scope module, "dut" "cpu_top" 3 6, 4 1 0, S_0x558b203f9280;
 .timescale 0 0;
    .port_info 0 /INPUT 1 "clk";
    .port_info 1 /INPUT 1 "reset";
v0x558b204104c0_0 .net "clk", 0 0, v0x558b20410db0_0;  1 drivers
v0x558b20410560 .array "dmem", 65535 0, 7 0;
v0x558b20410600_0 .var "halted", 0 0;
v0x558b204106a0_0 .var "ir", 7 0;
v0x558b20410780_0 .var "op1", 7 0;
v0x558b204108b0_0 .var "op2", 7 0;
v0x558b20410990_0 .var "op3", 7 0;
v0x558b20410a70_0 .var "pc", 15 0;
v0x558b20410b30_0 .var "reg_a", 7 0;
v0x558b20410bf0_0 .net "reset", 0 0, v0x558b20410e50_0;  1 drivers
v0x558b20410cb0_0 .net "rom_data", 7 0, v0x558b203e2db0_0;  1 drivers
E_0x558b203b84b0 .event posedge, v0x558b20410bf0_0, v0x558b203b9c00_0;
S_0x558b203fb480 .scope module, "u_rom" "rom" 4 21, 5 1 0, S_0x558b203fb2f0;
 .timescale 0 0;
    .port_info 0 /INPUT 1 "clk";
    .port_info 1 /INPUT 16 "addr";
    .port_info 2 /OUTPUT 8 "data";
v0x558b203b97f0_0 .net "addr", 15 0, v0x558b20410a70_0;  1 drivers
v0x558b203b9c00_0 .net "clk", 0 0, v0x558b20410db0_0;  alias, 1 drivers
v0x558b203e2db0_0 .var "data", 7 0;
v0x558b20410380 .array "mem", 65535 0, 7 0;
E_0x558b203f2060 .event posedge, v0x558b203b9c00_0;
    .scope S_0x558b203fb480;
T_0 ;
    %vpi_call/w 5 12 "$readmemh", "prog.hex", v0x558b20410380 {0 0 0};
    %end;
    .thread T_0;
    .scope S_0x558b203fb480;
T_1 ;
    %wait E_0x558b203f2060;
    %load/vec4 v0x558b203b97f0_0;
    %pad/u 18;
    %ix/vec4 4;
    %load/vec4a v0x558b20410380, 4;
    %assign/vec4 v0x558b203e2db0_0, 0;
    %jmp T_1;
    .thread T_1;
    .scope S_0x558b203fb2f0;
T_2 ;
    %wait E_0x558b203b84b0;
    %load/vec4 v0x558b20410bf0_0;
    %flag_set/vec4 8;
    %jmp/0xz  T_2.0, 8;
    %pushi/vec4 0, 0, 8;
    %assign/vec4 v0x558b204106a0_0, 0;
    %pushi/vec4 0, 0, 8;
    %assign/vec4 v0x558b20410780_0, 0;
    %pushi/vec4 0, 0, 8;
    %assign/vec4 v0x558b204108b0_0, 0;
    %pushi/vec4 0, 0, 8;
    %assign/vec4 v0x558b20410990_0, 0;
    %jmp T_2.1;
T_2.0 ;
    %load/vec4 v0x558b20410600_0;
    %nor/r;
    %flag_set/vec4 8;
    %jmp/0xz  T_2.2, 8;
    %load/vec4 v0x558b20410cb0_0;
    %assign/vec4 v0x558b204106a0_0, 0;
    %load/vec4 v0x558b20410a70_0;
    %pad/u 17;
    %addi 1, 0, 17;
    %pad/u 18;
    %ix/vec4 4;
    %load/vec4a v0x558b20410560, 4;
    %assign/vec4 v0x558b20410780_0, 0;
    %load/vec4 v0x558b20410a70_0;
    %pad/u 17;
    %addi 2, 0, 17;
    %pad/u 18;
    %ix/vec4 4;
    %load/vec4a v0x558b20410560, 4;
    %assign/vec4 v0x558b204108b0_0, 0;
    %load/vec4 v0x558b20410a70_0;
    %pad/u 17;
    %addi 3, 0, 17;
    %pad/u 18;
    %ix/vec4 4;
    %load/vec4a v0x558b20410560, 4;
    %assign/vec4 v0x558b20410990_0, 0;
T_2.2 ;
T_2.1 ;
    %jmp T_2;
    .thread T_2;
    .scope S_0x558b203fb2f0;
T_3 ;
    %wait E_0x558b203b84b0;
    %load/vec4 v0x558b20410bf0_0;
    %flag_set/vec4 8;
    %jmp/0xz  T_3.0, 8;
    %pushi/vec4 0, 0, 16;
    %assign/vec4 v0x558b20410a70_0, 0;
    %pushi/vec4 0, 0, 8;
    %assign/vec4 v0x558b20410b30_0, 0;
    %pushi/vec4 0, 0, 1;
    %assign/vec4 v0x558b20410600_0, 0;
    %jmp T_3.1;
T_3.0 ;
    %load/vec4 v0x558b20410600_0;
    %nor/r;
    %flag_set/vec4 8;
    %jmp/0xz  T_3.2, 8;
    %load/vec4 v0x558b204106a0_0;
    %dup/vec4;
    %pushi/vec4 16, 0, 8;
    %cmp/u;
    %jmp/1 T_3.4, 6;
    %dup/vec4;
    %pushi/vec4 32, 0, 8;
    %cmp/u;
    %jmp/1 T_3.5, 6;
    %dup/vec4;
    %pushi/vec4 48, 0, 8;
    %cmp/u;
    %jmp/1 T_3.6, 6;
    %dup/vec4;
    %pushi/vec4 255, 0, 8;
    %cmp/u;
    %jmp/1 T_3.7, 6;
    %pushi/vec4 1, 0, 1;
    %assign/vec4 v0x558b20410600_0, 0;
    %jmp T_3.9;
T_3.4 ;
    %load/vec4 v0x558b20410780_0;
    %assign/vec4 v0x558b20410b30_0, 0;
    %load/vec4 v0x558b20410a70_0;
    %addi 4, 0, 16;
    %assign/vec4 v0x558b20410a70_0, 0;
    %jmp T_3.9;
T_3.5 ;
    %load/vec4 v0x558b20410b30_0;
    %load/vec4 v0x558b20410780_0;
    %load/vec4 v0x558b204108b0_0;
    %concat/vec4; draw_concat_vec4
    %pad/u 18;
    %ix/vec4 3;
    %ix/load 4, 0, 0; Constant delay
    %assign/vec4/a/d v0x558b20410560, 0, 4;
    %load/vec4 v0x558b20410a70_0;
    %addi 4, 0, 16;
    %assign/vec4 v0x558b20410a70_0, 0;
    %jmp T_3.9;
T_3.6 ;
    %load/vec4 v0x558b20410780_0;
    %load/vec4 v0x558b204108b0_0;
    %concat/vec4; draw_concat_vec4
    %assign/vec4 v0x558b20410a70_0, 0;
    %jmp T_3.9;
T_3.7 ;
    %pushi/vec4 1, 0, 1;
    %assign/vec4 v0x558b20410600_0, 0;
    %jmp T_3.9;
T_3.9 ;
    %pop/vec4 1;
T_3.2 ;
T_3.1 ;
    %jmp T_3;
    .thread T_3;
    .scope S_0x558b203fb2f0;
T_4 ;
    %wait E_0x558b203f2060;
    %vpi_call/w 4 83 "$display", "PC=%04h IR=%02h A=%02h", v0x558b20410a70_0, v0x558b204106a0_0, v0x558b20410b30_0 {0 0 0};
    %jmp T_4;
    .thread T_4;
    .scope S_0x558b203f9280;
T_5 ;
    %pushi/vec4 0, 0, 1;
    %store/vec4 v0x558b20410db0_0, 0, 1;
T_5.0 ;
    %delay 5, 0;
    %load/vec4 v0x558b20410db0_0;
    %inv;
    %store/vec4 v0x558b20410db0_0, 0, 1;
    %jmp T_5.0;
    %end;
    .thread T_5;
    .scope S_0x558b203f9280;
T_6 ;
    %pushi/vec4 1, 0, 1;
    %store/vec4 v0x558b20410e50_0, 0, 1;
    %delay 20, 0;
    %pushi/vec4 0, 0, 1;
    %store/vec4 v0x558b20410e50_0, 0, 1;
    %delay 200, 0;
    %vpi_call/w 3 25 "$finish" {0 0 0};
    %end;
    .thread T_6;
# The file index is used to find the file name in the following table.
:file_names 6;
    "N/A";
    "<interactive>";
    "-";
    "tb.sv";
    "cpu_top.sv";
    "rom.sv";
